../Core/Src/main.c:73:5:__io_putchar	16	static
../Core/Src/main.c:93:5:main	80	static
../Core/Src/main.c:198:6:SystemClock_Config	88	static
../Core/Src/main.c:246:13:MX_CAN2_Init	8	static
../Core/Src/main.c:283:13:MX_I2C1_Init	8	static
../Core/Src/main.c:317:13:MX_UART4_Init	8	static
../Core/Src/main.c:350:13:MX_USART2_UART_Init	8	static
../Core/Src/main.c:383:13:MX_GPIO_Init	16	static
../Core/Src/main.c:397:6:HAL_UART_RxCpltCallback	16	static
../Core/Src/main.c:415:6:Process_Command	8	static
../Core/Src/main.c:464:6:Error_Handler	4	static,ignoring_inline_asm
